D:/ST/MC/ChannelRobotics_150626_1/MCSDK_v6.4.2-Full/MotorControl/MCSDK/MCLib/Any/Src/esc.c:57:6:esc_boot	0	static
D:/ST/MC/ChannelRobotics_150626_1/MCSDK_v6.4.2-Full/MotorControl/MCSDK/MCLib/Any/Src/esc.c:81:6:esc_pwm_stop	8	static
D:/ST/MC/ChannelRobotics_150626_1/MCSDK_v6.4.2-Full/MotorControl/MCSDK/MCLib/Any/Src/esc.c:89:13:esc_pwm_run	24	static
D:/ST/MC/ChannelRobotics_150626_1/MCSDK_v6.4.2-Full/MotorControl/MCSDK/MCLib/Any/Src/esc.c:246:6:esc_pwm_control	24	static
D:/ST/MC/ChannelRobotics_150626_1/MCSDK_v6.4.2-Full/MotorControl/MCSDK/MCLib/Any/Src/esc.c:597:6:TIM2_IRQHandler	8	static
