D:/Git/Test/STM_TEST_Repo/Src/stm32g4xx_hal_msp.c:67:6:HAL_MspInit	16	static
D:/Git/Test/STM_TEST_Repo/Src/stm32g4xx_hal_msp.c:98:6:HAL_ADC_MspInit	120	static
D:/Git/Test/STM_TEST_Repo/Src/stm32g4xx_hal_msp.c:188:6:HAL_ADC_MspDeInit	8	static
D:/Git/Test/STM_TEST_Repo/Src/stm32g4xx_hal_msp.c:262:6:HAL_COMP_MspInit	48	static
D:/Git/Test/STM_TEST_Repo/Src/stm32g4xx_hal_msp.c:331:6:HAL_COMP_MspDeInit	0	static
D:/Git/Test/STM_TEST_Repo/Src/stm32g4xx_hal_msp.c:387:6:HAL_CORDIC_MspInit	8	static
D:/Git/Test/STM_TEST_Repo/Src/stm32g4xx_hal_msp.c:410:6:HAL_CORDIC_MspDeInit	0	static
D:/Git/Test/STM_TEST_Repo/Src/stm32g4xx_hal_msp.c:432:6:HAL_DAC_MspInit	8	static
D:/Git/Test/STM_TEST_Repo/Src/stm32g4xx_hal_msp.c:455:6:HAL_DAC_MspDeInit	0	static
D:/Git/Test/STM_TEST_Repo/Src/stm32g4xx_hal_msp.c:477:6:HAL_OPAMP_MspInit	48	static
D:/Git/Test/STM_TEST_Repo/Src/stm32g4xx_hal_msp.c:552:6:HAL_OPAMP_MspDeInit	0	static
D:/Git/Test/STM_TEST_Repo/Src/stm32g4xx_hal_msp.c:614:6:HAL_TIM_PWM_MspInit	8	static
D:/Git/Test/STM_TEST_Repo/Src/stm32g4xx_hal_msp.c:637:6:HAL_TIM_Base_MspInit	40	static
D:/Git/Test/STM_TEST_Repo/Src/stm32g4xx_hal_msp.c:667:6:HAL_TIM_Encoder_MspInit	40	static
D:/Git/Test/STM_TEST_Repo/Src/stm32g4xx_hal_msp.c:687:6:HAL_TIM_MspPostInit	56	static
D:/Git/Test/STM_TEST_Repo/Src/stm32g4xx_hal_msp.c:740:6:HAL_TIM_PWM_MspDeInit	8	static
D:/Git/Test/STM_TEST_Repo/Src/stm32g4xx_hal_msp.c:766:6:HAL_TIM_Base_MspDeInit	8	static
D:/Git/Test/STM_TEST_Repo/Src/stm32g4xx_hal_msp.c:796:6:HAL_UART_MspInit	128	static
D:/Git/Test/STM_TEST_Repo/Src/stm32g4xx_hal_msp.c:912:6:HAL_UART_MspDeInit	8	static
